

<|begin_of_text|><|start_header_id|>system<|end_header_id|>

You are a precise information extraction engine. You output only valid JSON.<|eot_id|><|start_header_id|>user<|end_header_id|>

Read the following news article and extract its content into a single JSON object with exactly this schema:
{"headline": string, "main_event": string, "people": [{"name": string, "role": string}], "organizations": [string], "locations": [string], "dates": [string], "numbers": [{"value": string, "what_it_measures": string}], "quotes": [{"speaker": string, "quote": string}]}
Output only valid JSON, no commentary.

Article:
(CNN)He's a blue chip college basketball recruit. She's a high school freshman with Down syndrome. At first glance Trey Moses and Ellie Meredith couldn't be more different. But all that changed Thursday when Trey asked Ellie to be his prom date. Trey -- a star on Eastern High School's basketball team in Louisville, Kentucky, who's headed to play college ball next year at Ball State -- was originally going to take his girlfriend to Eastern's prom. So why is he taking Ellie instead? "She's great... she listens and she's easy to talk to" he said. Trey made the prom-posal (yes, that's what they are calling invites to prom these days) in the gym during Ellie's P.E. class. Trina Helson, a teacher at Eastern, alerted the school's newspaper staff to the prom-posal and posted photos of Trey and Ellie on Twitter that have gone viral. She wasn't surpristed by Trey's actions. "That's the kind of person Trey is," she said. To help make sure she said yes, Trey entered the gym armed with flowers and a poster that read "Let's Party Like it's 1989," a reference to the latest album by Taylor Swift, Ellie's favorite singer. Trey also got the OK from Ellie's parents the night before via text. They were thrilled. "You just feel numb to those moments raising a special needs child,"  said Darla Meredith, Ellie's mom. "You first feel the need to protect and then to overprotect." Darla Meredith said Ellie has struggled with friendships since elementary school, but a special program at Eastern called Best Buddies had made things easier for her. She said Best Buddies cultivates friendships between students with and without developmental disabilities and prevents students like Ellie from feeling isolated and left out of social functions. "I guess around middle school is when kids started to care about what others thought," she said, but "this school, this year has been a relief." Trey's future coach at Ball State, James Whitford, said he felt great about the prom-posal, noting that Trey, whom he's known for a long time, often works with other kids . Trey's mother, Shelly Moses, was also proud of her son. "It's exciting to bring awareness to a good cause," she said. "Trey has worked pretty hard, and he's a good son." Both Trey and Ellie have a lot of planning to do. Trey is looking to take up special education as a college major, in addition to playing basketball in the fall. As for Ellie, she can't stop thinking about prom. "Ellie can't wait to go dress shopping" her mother said. "Because I've only told about a million people!" Ellie interjected.<|eot_id|><|start_header_id|>assistant<|end_header_id|>
{
  "headline": "High school basketball star asks girl with Down syndrome to prom",
  "main_event": "Trey Moses, a star on Eastern High School's basketball team, asked Ellie Meredith, a high school freshman with Down syndrome, to be his prom date.",
  "people": [
    {"name": "Trey Moses", "role": "basketball player and prom date"},
    {"name": "Ellie Meredith", "role": "high school freshman with Down syndrome"},
    {"name": "Trina Helson", "role": "teacher at Eastern High School"},
    {"name": "Darla Meredith", "role": "Ellie's mom"},
    {"name": "Shelly Moses", "role": "Trey's mom"},
    {"name": "James Whitford", "role": "Trey's future coach at Ball State"}
  ],
  "organizations": ["Eastern High School", "Ball State"],
  "locations": ["Louisville, Kentucky"],
  "dates": [],
  "numbers": [],
  "quotes": [
    {"speaker": "Trey Moses", "quote": "She's great... she listens and she's easy to talk to"},
    {"speaker": "Trina Helson", "



