

<|begin_of_text|><|start_header_id|>system<|end_header_id|>

You are an expert Python programmer.<|eot_id|><|start_header_id|>user<|end_header_id|>

Complete the following Python function. Output the complete function implementation, code only.

```python
from typing import List


def below_zero(operations: List[int]) -> bool:
    """ You're given a list of deposit and withdrawal operations on a bank account that starts with
    zero balance. Your task is to detect if at any point the balance of account fallls below zero, and
    at that point function should return True. Otherwise it should return False.
    >>> below_zero([1, 2, 3])
    False
    >>> below_zero([1, 2, -4, 5])
    True
    """

```<|eot_id|><|start_header_id|>assistant<|end_header_id|>
```python
from typing import List

def below_zero(operations: List[int]) -> bool:
    balance = 0
    for operation in operations:
        balance += operation
        if balance < 0:
            return True
    return False
```<|eot_id|>



