

<|begin_of_text|><|start_header_id|>system<|end_header_id|>

You are a precise information extraction engine. You output only valid JSON.<|eot_id|><|start_header_id|>user<|end_header_id|>

Read the following news article and extract its content into a single JSON object with exactly this schema:
{"headline": string, "main_event": string, "people": [{"name": string, "role": string}], "organizations": [string], "locations": [string], "dates": [string], "numbers": [{"value": string, "what_it_measures": string}], "quotes": [{"speaker": string, "quote": string}]}
Output only valid JSON, no commentary.

Article:
(CNN)Andrew Getty, one of the heirs to billions of oil money, appears to have died of natural causes, a Los Angeles Police Department spokesman said. The coroner's preliminary assessment is there was no foul play involved in the death of Getty, grandson of oil tycoon J. Paul Getty, said Detective Meghan Aguilar. Andrew Getty, 47, had "several health issues," Aguilar said, adding that an autopsy will be conducted. There is no criminal investigation underway, he said. Some medication had also been recovered from Getty's home, though investigators don't know whether Getty was taking it or what his medical history was, Ed Winter, assistant chief in the Los Angeles County coroner's office, told CNN affiliate KTLA Tuesday night. KTLA reported that Getty was found on his side near a bathroom in his home. Getty's parents, Ann and Gordon Getty, released a statement confirming their son's death and asking for privacy. Where the Getty family fortune came from . Gordon Getty is one of three living sons of J. Paul Getty, the oil baron who was thought to be the richest man in the world at the time of his death in 1976. Gordon Getty, 81, has a net worth of $2.1 billion, according to Forbes. One other son died in 1958 and another died in 1973. Gordon Getty spearheaded the controversial sale of Getty to Texaco for $10 billion in 1984. In its list of richest American families, Forbes estimated the Gettys' net worth to be about $5 billion. Court records show Andrew Getty had recently filed to get a restraining order against an ex-girlfriend. A hearing in the case had been scheduled for next week. In his request, Getty said he had been diagnosed with a serious medical condition in 2013. "A rise in my blood pressure places me in grave risk of substantial and irreparable injury or death," he wrote in the petition. "My doctors have advised that heated arguments can cause my blood pressure to rise dangerously." Andrew Getty had three brothers and three half-sisters. People we've lost in 2015 . CNN's Doug Criss, Janet DiGiacomo, Mark Mooney, Mike Love, Julie In and Cheri Mossburg contributed to this report.<|eot_id|><|start_header_id|>assistant<|end_header_id|>
{
  "headline": "Andrew Getty, heir to oil fortune, appears to have died of natural causes",
  "main_event": "Andrew Getty, 47, appears to have died of natural causes, according to the Los Angeles Police Department",
  "people": [
    {"name": "Andrew Getty", "role": "Heir to oil fortune"},
    {"name": "J. Paul Getty", "role": "Oil tycoon"},
    {"name": "Meghan Aguilar", "role": "Detective"},
    {"name": "Ed Winter", "role": "Assistant chief in the Los Angeles County coroner's office"},
    {"name": "Ann Getty", "role": "Andrew Getty's mother"},
    {"name": "Gordon Getty", "role": "Andrew Getty's father"},
    {"name": "Doug Criss", "role": "CNN contributor"},
    {"name": "Janet DiGiacomo", "role": "CNN contributor"},
    {"name": "Mark Mooney", "role": "CNN contributor"},
    {"name": "Mike Love", "role": "CNN contributor"},
    {"name": "Julie In", "role": "CNN contributor"},
    {"name": "Cheri Moss



