

<|begin_of_text|>Explain, in plain prose for a technical reader, how a mobile robot plans a path from one point to another in a warehouse: sensing, mapping, global planning, local avoidance, and what happens when an obstacle appears. Be concrete and methodical. Here is a simple example of a warehouse layout:
```
  +---------------+
  |               |
  |  +-----------+  |
  |  |          |  |
  |  |  +-----+  |  |
  |  |  |     |  |  |
  |  |  |  A  |  |  |
  |  |  +-----+  |  |
  |  |          |  |
  |  +-----------+  |
  |               |
  +---------------+
  |               |
  |  +-----------+  |
  |  |          |  |
  |  |  +-----+  |  |
  |  |  |     |  |  |
  |  |  |  B  |  |  |
  |  |  +-----+  |  |
  |  |          |  |
  |  +-----------+  |
  |               |
  +---------------+
```
In this example, the robot starts at point A and needs to reach point B. The robot has a map of the warehouse, which is a grid of cells, each representing a square meter of the warehouse floor. The map is represented as a 2D array of



