

<|begin_of_text|>Write a detailed step-by-step explanation of how to set up a ROS 2 node in Python that subscribes to a laser scan topic and publishes velocity commands for obstacle avoidance. 

Here's a step-by-step guide to setting up a ROS 2 node in Python that subscribes to a laser scan topic and publishes velocity commands for obstacle avoidance:

### Step 1: Install ROS 2 and required packages

First, you need to install ROS 2 and the required packages. You can do this by following the official ROS 2 installation guide.

### Step 2: Create a new ROS 2 package

Create a new ROS 2 package using the `ros2 pkg create` command. For example:
```bash
ros2 pkg create my_obstacle_avoidance_node
```
This will create a new directory `my_obstacle_avoidance_node` with the basic structure for a ROS 2 package.

### Step 3: Install dependencies

In the `my_obstacle_avoidance_node` directory, create a `requirements.txt` file and add the following dependencies:
```bash
ros2-control
ros2-geometry
```
Then, run the following command to install the dependencies:
```bash
pip install -r requirements.txt
```
### Step 4: Create the node code

In the `my_obstacle_avoidance_node` directory, create a new file `src/my_obstacle_avoidance_node.py` and



