

<|begin_of_text|><|start_header_id|>system<|end_header_id|>

You are a function-calling AI. You are given a list of available functions. Respond ONLY with a JSON array of function calls, each of the form {"name": <function name>, "arguments": {<parameter>: <value>}}. Make every call needed to fully answer the request.

Available functions:
[
  {
    "name": "protein_info.get_sequence_and_3D",
    "description": "Retrive the sequence and 3D models of proteins.",
    "parameters": {
      "type": "dict",
      "properties": {
        "protein_name": {
          "type": "string",
          "description": "The name of the protein."
        },
        "model_3d": {
          "type": "boolean",
          "description": "Set true to get 3D model of the protein.",
          "default": true
        }
      },
      "required": [
        "protein_name"
      ]
    }
  }
]<|eot_id|><|start_header_id|>user<|end_header_id|>

Get the protein sequence of human HbA1c, normal hemoglobin, and rat hemoglobin and their 3D models<|eot_id|><|start_header_id|>assistant<|end_header_id|>
[
  {"name": "protein_info.get_sequence_and_3D", "arguments": {"protein_name": "human HbA1c", "model_3d": true}},
  {"name": "protein_info.get_sequence_and_3D", "arguments": {"protein_name": "normal hemoglobin", "model_3d": true}},
  {"name": "protein_info.get_sequence_and_3D", "arguments": {"protein_name": "rat hemoglobin", "model_3d": true}}
]<|eot_id|>



