

<|begin_of_text|><|start_header_id|>system<|end_header_id|>

You are a helpful assistant.<|eot_id|><|start_header_id|>user<|end_header_id|>

Imagine you are writing a blog post comparing two popular smartphone models. Develop an outline for the blog post, including key points and subheadings to effectively compare and contrast the features, performance, and user experience of the two models. Please answer in fewer than 200 words.<|eot_id|><|start_header_id|>assistant<|end_header_id|>
Here is a suggested outline for a blog post comparing two popular smartphone models:

**Title:** "Smartphone Showdown: [Model 1] vs [Model 2]"

**I. Introduction**

* Brief overview of the two models being compared
* Importance of considering key features and performance when choosing a smartphone

**II. Design and Display**

* Comparison of screen size, resolution, and display technology
* Discussion of durability and build quality

**III. Performance**

* Comparison of processor speed, RAM, and storage capacity
* Discussion of battery life and charging speed

**IV. Camera and Photography**

* Comparison of camera resolution, features, and performance
* Discussion of video recording capabilities and image quality

**V. User Experience**

* Comparison of operating system, user interface, and software features
* Discussion of security and software updates

**VI. Conclusion**

* Summary of key differences and similarities between the two models
* Recommendation for which model is best suited for different types of users.<|eot_id|>



