

<|begin_of_text|><|start_header_id|>system<|end_header_id|>

You are an expert Python programmer.<|eot_id|><|start_header_id|>user<|end_header_id|>

Complete the following Python function. Output the complete function implementation, code only.

```python


def truncate_number(number: float) -> float:
    """ Given a positive floating point number, it can be decomposed into
    and integer part (largest integer smaller than given number) and decimals
    (leftover part always smaller than 1).

    Return the decimal part of the number.
    >>> truncate_number(3.5)
    0.5
    """

```<|eot_id|><|start_header_id|>assistant<|end_header_id|>
```python
def truncate_number(number: float) -> float:
    """ Given a positive floating point number, it can be decomposed into
    and integer part (largest integer smaller than given number) and decimals
    (leftover part always smaller than 1).

    Return the decimal part of the number.
    >>> truncate_number(3.5)
    0.5
    """
    return number - int(number)
```<|eot_id|>



